2026-07-21 16:04:31.144 [main] TRACE org.springframework.boot.autoconfigure.condition.OnPropertyCondition - Condition OnPropertyCondition on dev.bublik.starter.autoconfigure.BublikAutoConfiguration matched due to @ConditionalOnProperty (bublik.enabled=true) matched
2026-07-21 16:04:31.156 [main] TRACE org.springframework.context.annotation.AnnotationConfigApplicationContext - Refreshing org.springframework.context.annotation.AnnotationConfigApplicationContext@6a74d228, started on Tue Jul 21 16:04:31 MSK 2026
2026-07-21 16:04:31.161 [main] DEBUG org.springframework.beans.factory.support.DefaultListableBeanFactory - Creating shared instance of singleton bean 'org.springframework.context.annotation.internalConfigurationAnnotationProcessor'
2026-07-21 16:04:31.161 [main] TRACE org.springframework.beans.factory.support.DefaultListableBeanFactory - Creating instance of bean 'org.springframework.context.annotation.internalConfigurationAnnotationProcessor'
2026-07-21 16:04:31.164 [main] TRACE org.springframework.beans.factory.support.DefaultListableBeanFactory - Finished creating instance of bean 'org.springframework.context.annotation.internalConfigurationAnnotationProcessor'
2026-07-21 16:04:31.167 [main] TRACE org.springframework.boot.autoconfigure.condition.OnPropertyCondition - Condition OnPropertyCondition on dev.bublik.starter.autoconfigure.BublikAutoConfiguration matched due to @ConditionalOnProperty (bublik.enabled=true) matched
2026-07-21 16:04:31.168 [main] TRACE org.springframework.beans.factory.support.DefaultListableBeanFactory - Returning cached instance of singleton bean 'autoConfigurationReport'
2026-07-21 16:04:31.173 [main] TRACE org.springframework.boot.autoconfigure.condition.OnPropertyCondition - Condition OnPropertyCondition on dev.bublik.starter.autoconfigure.BublikAutoConfiguration matched due to @ConditionalOnProperty (bublik.enabled=true) matched
2026-07-21 16:04:31.173 [main] TRACE org.springframework.beans.factory.support.DefaultListableBeanFactory - Returning cached instance of singleton bean 'autoConfigurationReport'
2026-07-21 16:04:31.174 [main] TRACE org.springframework.context.annotation.ConfigurationClassBeanDefinitionReader - Registering bean definition for @Bean method dev.bublik.starter.autoconfigure.BublikAutoConfiguration.automatedMigrationRunner() with bean name 'automatedMigrationRunner'
2026-07-21 16:04:31.205 [main] TRACE org.springframework.context.annotation.ConfigurationClassEnhancer - Successfully enhanced dev.bublik.starter.autoconfigure.BublikAutoConfiguration; enhanced class name is: dev.bublik.starter.autoconfigure.BublikAutoConfiguration$$SpringCGLIB$$0
2026-07-21 16:04:31.205 [main] TRACE org.springframework.context.annotation.ConfigurationClassPostProcessor - Replacing bean definition 'dev.bublik.starter.autoconfigure.BublikAutoConfiguration' existing class 'dev.bublik.starter.autoconfigure.BublikAutoConfiguration' with enhanced class 'dev.bublik.starter.autoconfigure.BublikAutoConfiguration$$SpringCGLIB$$0'
2026-07-21 16:04:31.205 [main] DEBUG org.springframework.beans.factory.support.DefaultListableBeanFactory - Creating shared instance of singleton bean 'org.springframework.context.event.internalEventListenerProcessor'
2026-07-21 16:04:31.205 [main] TRACE org.springframework.beans.factory.support.DefaultListableBeanFactory - Creating instance of bean 'org.springframework.context.event.internalEventListenerProcessor'
2026-07-21 16:04:31.207 [main] TRACE org.springframework.beans.factory.support.DefaultListableBeanFactory - Finished creating instance of bean 'org.springframework.context.event.internalEventListenerProcessor'
2026-07-21 16:04:31.207 [main] DEBUG org.springframework.beans.factory.support.DefaultListableBeanFactory - Creating shared instance of singleton bean 'org.springframework.context.event.internalEventListenerFactory'
2026-07-21 16:04:31.207 [main] TRACE org.springframework.beans.factory.support.DefaultListableBeanFactory - Creating instance of bean 'org.springframework.context.event.internalEventListenerFactory'
2026-07-21 16:04:31.207 [main] TRACE org.springframework.beans.factory.support.DefaultListableBeanFactory - Finished creating instance of bean 'org.springframework.context.event.internalEventListenerFactory'
2026-07-21 16:04:31.208 [main] DEBUG org.springframework.beans.factory.support.DefaultListableBeanFactory - Creating shared instance of singleton bean 'org.springframework.context.annotation.internalAutowiredAnnotationProcessor'
2026-07-21 16:04:31.208 [main] TRACE org.springframework.beans.factory.support.DefaultListableBeanFactory - Creating instance of bean 'org.springframework.context.annotation.internalAutowiredAnnotationProcessor'
2026-07-21 16:04:31.208 [main] TRACE org.springframework.beans.factory.support.DefaultListableBeanFactory - Finished creating instance of bean 'org.springframework.context.annotation.internalAutowiredAnnotationProcessor'
2026-07-21 16:04:31.208 [main] DEBUG org.springframework.beans.factory.support.DefaultListableBeanFactory - Creating shared instance of singleton bean 'org.springframework.boot.context.properties.ConfigurationPropertiesBindingPostProcessor'
2026-07-21 16:04:31.209 [main] TRACE org.springframework.beans.factory.support.DefaultListableBeanFactory - Creating instance of bean 'org.springframework.boot.context.properties.ConfigurationPropertiesBindingPostProcessor'
2026-07-21 16:04:31.209 [main] TRACE org.springframework.beans.factory.support.DefaultListableBeanFactory - Invoking afterPropertiesSet() on bean with name 'org.springframework.boot.context.properties.ConfigurationPropertiesBindingPostProcessor'
2026-07-21 16:04:31.209 [main] DEBUG org.springframework.beans.factory.support.DefaultListableBeanFactory - Creating shared instance of singleton bean 'org.springframework.boot.context.internalConfigurationPropertiesBinder'
2026-07-21 16:04:31.209 [main] TRACE org.springframework.beans.factory.support.DefaultListableBeanFactory - Creating instance of bean 'org.springframework.boot.context.internalConfigurationPropertiesBinder'
2026-07-21 16:04:31.210 [main] TRACE org.springframework.beans.factory.support.DefaultListableBeanFactory - Finished creating instance of bean 'org.springframework.boot.context.internalConfigurationPropertiesBinder'
2026-07-21 16:04:31.210 [main] TRACE org.springframework.beans.factory.support.DefaultListableBeanFactory - Finished creating instance of bean 'org.springframework.boot.context.properties.ConfigurationPropertiesBindingPostProcessor'
2026-07-21 16:04:31.210 [main] TRACE org.springframework.context.annotation.AnnotationConfigApplicationContext - No 'messageSource' bean, using [Empty MessageSource]
2026-07-21 16:04:31.211 [main] TRACE org.springframework.context.annotation.AnnotationConfigApplicationContext - No 'applicationEventMulticaster' bean, using [SimpleApplicationEventMulticaster]
2026-07-21 16:04:31.211 [main] TRACE org.springframework.beans.factory.support.DefaultListableBeanFactory - Pre-instantiating singletons in org.springframework.beans.factory.support.DefaultListableBeanFactory@1a3e5f23: defining beans [org.springframework.context.annotation.internalConfigurationAnnotationProcessor,org.springframework.context.annotation.internalAutowiredAnnotationProcessor,org.springframework.context.event.internalEventListenerProcessor,org.springframework.context.event.internalEventListenerFactory,dev.bublik.starter.autoconfigure.BublikAutoConfiguration,automatedMigrationRunner,org.springframework.boot.context.properties.ConfigurationPropertiesBindingPostProcessor,org.springframework.boot.context.internalConfigurationPropertiesBinder,org.springframework.boot.context.properties.BoundConfigurationProperties,org.springframework.boot.context.properties.EnableConfigurationPropertiesRegistrar.methodValidationExcludeFilter,bublik-dev.bublik.starter.properties.BublikProperties]; root of factory hierarchy
2026-07-21 16:04:31.212 [main] TRACE org.springframework.beans.factory.support.DefaultListableBeanFactory - Returning cached instance of singleton bean 'org.springframework.context.annotation.internalConfigurationAnnotationProcessor'
2026-07-21 16:04:31.212 [main] TRACE org.springframework.beans.factory.support.DefaultListableBeanFactory - Returning cached instance of singleton bean 'org.springframework.context.annotation.internalAutowiredAnnotationProcessor'
2026-07-21 16:04:31.212 [main] TRACE org.springframework.beans.factory.support.DefaultListableBeanFactory - Returning cached instance of singleton bean 'org.springframework.context.event.internalEventListenerProcessor'
2026-07-21 16:04:31.212 [main] TRACE org.springframework.beans.factory.support.DefaultListableBeanFactory - Returning cached instance of singleton bean 'org.springframework.context.event.internalEventListenerFactory'
2026-07-21 16:04:31.212 [main] DEBUG org.springframework.beans.factory.support.DefaultListableBeanFactory - Creating shared instance of singleton bean 'dev.bublik.starter.autoconfigure.BublikAutoConfiguration'
2026-07-21 16:04:31.212 [main] TRACE org.springframework.beans.factory.support.DefaultListableBeanFactory - Creating instance of bean 'dev.bublik.starter.autoconfigure.BublikAutoConfiguration'
2026-07-21 16:04:31.214 [main] DEBUG org.springframework.beans.factory.support.DefaultListableBeanFactory - Creating shared instance of singleton bean 'bublik-dev.bublik.starter.properties.BublikProperties'
2026-07-21 16:04:31.214 [main] TRACE org.springframework.beans.factory.support.DefaultListableBeanFactory - Creating instance of bean 'bublik-dev.bublik.starter.properties.BublikProperties'
2026-07-21 16:04:31.216 [main] DEBUG org.springframework.beans.factory.support.DefaultListableBeanFactory - Creating shared instance of singleton bean 'org.springframework.boot.context.properties.BoundConfigurationProperties'
2026-07-21 16:04:31.216 [main] TRACE org.springframework.beans.factory.support.DefaultListableBeanFactory - Creating instance of bean 'org.springframework.boot.context.properties.BoundConfigurationProperties'
2026-07-21 16:04:31.217 [main] TRACE org.springframework.beans.factory.support.DefaultListableBeanFactory - Finished creating instance of bean 'org.springframework.boot.context.properties.BoundConfigurationProperties'
2026-07-21 16:04:31.243 [main] TRACE org.springframework.beans.factory.support.DefaultListableBeanFactory - Finished creating instance of bean 'bublik-dev.bublik.starter.properties.BublikProperties'
2026-07-21 16:04:31.243 [main] DEBUG org.springframework.beans.factory.support.DefaultListableBeanFactory - Autowiring by type from bean name 'dev.bublik.starter.autoconfigure.BublikAutoConfiguration' via constructor to bean named 'bublik-dev.bublik.starter.properties.BublikProperties'
2026-07-21 16:04:31.244 [main] TRACE org.springframework.beans.factory.support.DefaultListableBeanFactory - Finished creating instance of bean 'dev.bublik.starter.autoconfigure.BublikAutoConfiguration'
2026-07-21 16:04:31.244 [main] DEBUG org.springframework.beans.factory.support.DefaultListableBeanFactory - Creating shared instance of singleton bean 'automatedMigrationRunner'
2026-07-21 16:04:31.244 [main] TRACE org.springframework.beans.factory.support.DefaultListableBeanFactory - Creating instance of bean 'automatedMigrationRunner'
2026-07-21 16:04:31.244 [main] TRACE org.springframework.beans.factory.support.DefaultListableBeanFactory - Returning cached instance of singleton bean 'dev.bublik.starter.autoconfigure.BublikAutoConfiguration'
2026-07-21 16:04:31.244 [main] TRACE org.springframework.beans.factory.support.DefaultListableBeanFactory - Finished creating instance of bean 'automatedMigrationRunner'
2026-07-21 16:04:31.245 [main] TRACE org.springframework.beans.factory.support.DefaultListableBeanFactory - Returning cached instance of singleton bean 'org.springframework.boot.context.properties.ConfigurationPropertiesBindingPostProcessor'
2026-07-21 16:04:31.245 [main] TRACE org.springframework.beans.factory.support.DefaultListableBeanFactory - Returning cached instance of singleton bean 'org.springframework.boot.context.internalConfigurationPropertiesBinder'
2026-07-21 16:04:31.245 [main] TRACE org.springframework.beans.factory.support.DefaultListableBeanFactory - Returning cached instance of singleton bean 'org.springframework.boot.context.properties.BoundConfigurationProperties'
2026-07-21 16:04:31.245 [main] DEBUG org.springframework.beans.factory.support.DefaultListableBeanFactory - Creating shared instance of singleton bean 'org.springframework.boot.context.properties.EnableConfigurationPropertiesRegistrar.methodValidationExcludeFilter'
2026-07-21 16:04:31.245 [main] TRACE org.springframework.beans.factory.support.DefaultListableBeanFactory - Creating instance of bean 'org.springframework.boot.context.properties.EnableConfigurationPropertiesRegistrar.methodValidationExcludeFilter'
2026-07-21 16:04:31.246 [main] TRACE org.springframework.beans.factory.support.DefaultListableBeanFactory - Ignoring factory method [public static org.springframework.boot.validation.beanvalidation.MethodValidationExcludeFilter org.springframework.boot.validation.beanvalidation.MethodValidationExcludeFilter.byAnnotation(java.lang.Class,org.springframework.core.annotation.MergedAnnotations$SearchStrategy)] of bean 'org.springframework.boot.context.properties.EnableConfigurationPropertiesRegistrar.methodValidationExcludeFilter': org.springframework.beans.factory.UnsatisfiedDependencyException: Error creating bean with name 'org.springframework.boot.context.properties.EnableConfigurationPropertiesRegistrar.methodValidationExcludeFilter': Unsatisfied dependency expressed through method 'byAnnotation' parameter 1: Ambiguous argument values for parameter of type [org.springframework.core.annotation.MergedAnnotations$SearchStrategy] - did you specify the correct bean references as arguments?
2026-07-21 16:04:31.247 [main] TRACE org.springframework.beans.factory.support.DefaultListableBeanFactory - Finished creating instance of bean 'org.springframework.boot.context.properties.EnableConfigurationPropertiesRegistrar.methodValidationExcludeFilter'
2026-07-21 16:04:31.247 [main] TRACE org.springframework.beans.factory.support.DefaultListableBeanFactory - Returning cached instance of singleton bean 'bublik-dev.bublik.starter.properties.BublikProperties'
2026-07-21 16:04:31.248 [main] TRACE org.springframework.context.event.EventListenerMethodProcessor - No @EventListener annotations found on bean class: dev.bublik.starter.autoconfigure.BublikAutoConfiguration$$SpringCGLIB$$0
2026-07-21 16:04:31.248 [main] TRACE org.springframework.context.event.EventListenerMethodProcessor - No @EventListener annotations found on bean class: dev.bublik.starter.autoconfigure.BublikAutoConfiguration$$Lambda/0x0000007001329408
2026-07-21 16:04:31.248 [main] TRACE org.springframework.context.event.EventListenerMethodProcessor - No @EventListener annotations found on bean class: dev.bublik.starter.properties.BublikProperties
2026-07-21 16:04:31.251 [main] TRACE org.springframework.core.io.support.SpringFactoriesLoader - Loaded [org.springframework.beans.BeanInfoFactory] names: []
2026-07-21 16:04:31.252 [main] TRACE org.springframework.context.annotation.AnnotationConfigApplicationContext - No 'lifecycleProcessor' bean, using [DefaultLifecycleProcessor]
2026-07-21 16:04:31.253 [main] TRACE org.springframework.beans.factory.support.DefaultListableBeanFactory - Returning cached instance of singleton bean 'lifecycleProcessor'
2026-07-21 16:04:31.272 [main] TRACE org.springframework.beans.factory.support.DefaultListableBeanFactory - Returning cached instance of singleton bean 'bublik-dev.bublik.starter.properties.BublikProperties'
2026-07-21 16:04:31.273 [main] DEBUG org.springframework.context.annotation.AnnotationConfigApplicationContext - Closing org.springframework.context.annotation.AnnotationConfigApplicationContext@6a74d228, started on Tue Jul 21 16:04:31 MSK 2026
2026-07-21 16:04:31.273 [main] TRACE org.springframework.beans.factory.support.DefaultListableBeanFactory - Returning cached instance of singleton bean 'lifecycleProcessor'
2026-07-21 16:04:31.274 [main] TRACE org.springframework.beans.factory.support.DefaultListableBeanFactory - Destroying singletons in org.springframework.beans.factory.support.DefaultListableBeanFactory@1a3e5f23: defining beans [org.springframework.context.annotation.internalConfigurationAnnotationProcessor,org.springframework.context.annotation.internalAutowiredAnnotationProcessor,org.springframework.context.event.internalEventListenerProcessor,org.springframework.context.event.internalEventListenerFactory,dev.bublik.starter.autoconfigure.BublikAutoConfiguration,automatedMigrationRunner,org.springframework.boot.context.properties.ConfigurationPropertiesBindingPostProcessor,org.springframework.boot.context.internalConfigurationPropertiesBinder,org.springframework.boot.context.properties.BoundConfigurationProperties,org.springframework.boot.context.properties.EnableConfigurationPropertiesRegistrar.methodValidationExcludeFilter,bublik-dev.bublik.starter.properties.BublikProperties]; root of factory hierarchy
2026-07-21 16:04:31.281 [main] TRACE org.springframework.core.env.PropertySourcesPropertyResolver - Searching for key 'bublik.enabled' in PropertySource 'configurationProperties'
2026-07-21 16:04:31.281 [main] DEBUG org.springframework.core.env.PropertySourcesPropertyResolver - Found key 'bublik.enabled' in PropertySource 'configurationProperties' with value of type String
2026-07-21 16:04:31.282 [main] TRACE org.springframework.boot.autoconfigure.condition.OnPropertyCondition - Condition OnPropertyCondition on dev.bublik.starter.autoconfigure.BublikAutoConfiguration did not match due to @ConditionalOnProperty (bublik.enabled=true) found different value in property 'enabled'
2026-07-21 16:04:31.282 [main] TRACE org.springframework.context.annotation.AnnotationConfigApplicationContext - Refreshing org.springframework.context.annotation.AnnotationConfigApplicationContext@671d1157, started on Tue Jul 21 16:04:31 MSK 2026
2026-07-21 16:04:31.282 [main] DEBUG org.springframework.beans.factory.support.DefaultListableBeanFactory - Creating shared instance of singleton bean 'org.springframework.context.annotation.internalConfigurationAnnotationProcessor'
2026-07-21 16:04:31.282 [main] TRACE org.springframework.beans.factory.support.DefaultListableBeanFactory - Creating instance of bean 'org.springframework.context.annotation.internalConfigurationAnnotationProcessor'
2026-07-21 16:04:31.282 [main] TRACE org.springframework.beans.factory.support.DefaultListableBeanFactory - Finished creating instance of bean 'org.springframework.context.annotation.internalConfigurationAnnotationProcessor'
2026-07-21 16:04:31.282 [main] DEBUG org.springframework.beans.factory.support.DefaultListableBeanFactory - Creating shared instance of singleton bean 'org.springframework.context.event.internalEventListenerProcessor'
2026-07-21 16:04:31.282 [main] TRACE org.springframework.beans.factory.support.DefaultListableBeanFactory - Creating instance of bean 'org.springframework.context.event.internalEventListenerProcessor'
2026-07-21 16:04:31.283 [main] TRACE org.springframework.beans.factory.support.DefaultListableBeanFactory - Finished creating instance of bean 'org.springframework.context.event.internalEventListenerProcessor'
2026-07-21 16:04:31.283 [main] DEBUG org.springframework.beans.factory.support.DefaultListableBeanFactory - Creating shared instance of singleton bean 'org.springframework.context.event.internalEventListenerFactory'
2026-07-21 16:04:31.283 [main] TRACE org.springframework.beans.factory.support.DefaultListableBeanFactory - Creating instance of bean 'org.springframework.context.event.internalEventListenerFactory'
2026-07-21 16:04:31.283 [main] TRACE org.springframework.beans.factory.support.DefaultListableBeanFactory - Finished creating instance of bean 'org.springframework.context.event.internalEventListenerFactory'
2026-07-21 16:04:31.283 [main] DEBUG org.springframework.beans.factory.support.DefaultListableBeanFactory - Creating shared instance of singleton bean 'org.springframework.context.annotation.internalAutowiredAnnotationProcessor'
2026-07-21 16:04:31.283 [main] TRACE org.springframework.beans.factory.support.DefaultListableBeanFactory - Creating instance of bean 'org.springframework.context.annotation.internalAutowiredAnnotationProcessor'
2026-07-21 16:04:31.283 [main] TRACE org.springframework.beans.factory.support.DefaultListableBeanFactory - Finished creating instance of bean 'org.springframework.context.annotation.internalAutowiredAnnotationProcessor'
2026-07-21 16:04:31.283 [main] TRACE org.springframework.context.annotation.AnnotationConfigApplicationContext - No 'messageSource' bean, using [Empty MessageSource]
2026-07-21 16:04:31.283 [main] TRACE org.springframework.context.annotation.AnnotationConfigApplicationContext - No 'applicationEventMulticaster' bean, using [SimpleApplicationEventMulticaster]
2026-07-21 16:04:31.283 [main] TRACE org.springframework.beans.factory.support.DefaultListableBeanFactory - Pre-instantiating singletons in org.springframework.beans.factory.support.DefaultListableBeanFactory@10b1a751: defining beans [org.springframework.context.annotation.internalConfigurationAnnotationProcessor,org.springframework.context.annotation.internalAutowiredAnnotationProcessor,org.springframework.context.event.internalEventListenerProcessor,org.springframework.context.event.internalEventListenerFactory]; root of factory hierarchy
2026-07-21 16:04:31.283 [main] TRACE org.springframework.beans.factory.support.DefaultListableBeanFactory - Returning cached instance of singleton bean 'org.springframework.context.annotation.internalConfigurationAnnotationProcessor'
2026-07-21 16:04:31.284 [main] TRACE org.springframework.beans.factory.support.DefaultListableBeanFactory - Returning cached instance of singleton bean 'org.springframework.context.annotation.internalAutowiredAnnotationProcessor'
2026-07-21 16:04:31.284 [main] TRACE org.springframework.beans.factory.support.DefaultListableBeanFactory - Returning cached instance of singleton bean 'org.springframework.context.event.internalEventListenerProcessor'
2026-07-21 16:04:31.284 [main] TRACE org.springframework.beans.factory.support.DefaultListableBeanFactory - Returning cached instance of singleton bean 'org.springframework.context.event.internalEventListenerFactory'
2026-07-21 16:04:31.284 [main] TRACE org.springframework.context.annotation.AnnotationConfigApplicationContext - No 'lifecycleProcessor' bean, using [DefaultLifecycleProcessor]
2026-07-21 16:04:31.284 [main] TRACE org.springframework.beans.factory.support.DefaultListableBeanFactory - Returning cached instance of singleton bean 'lifecycleProcessor'
2026-07-21 16:04:31.284 [main] DEBUG org.springframework.context.annotation.AnnotationConfigApplicationContext - Closing org.springframework.context.annotation.AnnotationConfigApplicationContext@671d1157, started on Tue Jul 21 16:04:31 MSK 2026
2026-07-21 16:04:31.284 [main] TRACE org.springframework.beans.factory.support.DefaultListableBeanFactory - Returning cached instance of singleton bean 'lifecycleProcessor'
2026-07-21 16:04:31.284 [main] TRACE org.springframework.beans.factory.support.DefaultListableBeanFactory - Destroying singletons in org.springframework.beans.factory.support.DefaultListableBeanFactory@10b1a751: defining beans [org.springframework.context.annotation.internalConfigurationAnnotationProcessor,org.springframework.context.annotation.internalAutowiredAnnotationProcessor,org.springframework.context.event.internalEventListenerProcessor,org.springframework.context.event.internalEventListenerFactory]; root of factory hierarchy
2026-07-21 16:04:31.288 [main] TRACE org.springframework.boot.autoconfigure.condition.OnPropertyCondition - Condition OnPropertyCondition on dev.bublik.starter.autoconfigure.BublikAutoConfiguration matched due to @ConditionalOnProperty (bublik.enabled=true) matched
2026-07-21 16:04:31.288 [main] TRACE org.springframework.context.annotation.AnnotationConfigApplicationContext - Refreshing org.springframework.context.annotation.AnnotationConfigApplicationContext@76ad6715, started on Tue Jul 21 16:04:31 MSK 2026
2026-07-21 16:04:31.288 [main] DEBUG org.springframework.beans.factory.support.DefaultListableBeanFactory - Creating shared instance of singleton bean 'org.springframework.context.annotation.internalConfigurationAnnotationProcessor'
2026-07-21 16:04:31.288 [main] TRACE org.springframework.beans.factory.support.DefaultListableBeanFactory - Creating instance of bean 'org.springframework.context.annotation.internalConfigurationAnnotationProcessor'
2026-07-21 16:04:31.289 [main] TRACE org.springframework.beans.factory.support.DefaultListableBeanFactory - Finished creating instance of bean 'org.springframework.context.annotation.internalConfigurationAnnotationProcessor'
2026-07-21 16:04:31.289 [main] TRACE org.springframework.boot.autoconfigure.condition.OnPropertyCondition - Condition OnPropertyCondition on dev.bublik.starter.autoconfigure.BublikAutoConfiguration matched due to @ConditionalOnProperty (bublik.enabled=true) matched
2026-07-21 16:04:31.289 [main] TRACE org.springframework.beans.factory.support.DefaultListableBeanFactory - Returning cached instance of singleton bean 'autoConfigurationReport'
2026-07-21 16:04:31.290 [main] TRACE org.springframework.boot.autoconfigure.condition.OnPropertyCondition - Condition OnPropertyCondition on dev.bublik.starter.autoconfigure.BublikAutoConfiguration matched due to @ConditionalOnProperty (bublik.enabled=true) matched
2026-07-21 16:04:31.290 [main] TRACE org.springframework.beans.factory.support.DefaultListableBeanFactory - Returning cached instance of singleton bean 'autoConfigurationReport'
2026-07-21 16:04:31.290 [main] TRACE org.springframework.context.annotation.ConfigurationClassBeanDefinitionReader - Registering bean definition for @Bean method dev.bublik.starter.autoconfigure.BublikAutoConfiguration.automatedMigrationRunner() with bean name 'automatedMigrationRunner'
2026-07-21 16:04:31.291 [main] TRACE org.springframework.context.annotation.ConfigurationClassEnhancer - Successfully enhanced dev.bublik.starter.autoconfigure.BublikAutoConfiguration; enhanced class name is: dev.bublik.starter.autoconfigure.BublikAutoConfiguration$$SpringCGLIB$$0
2026-07-21 16:04:31.291 [main] TRACE org.springframework.context.annotation.ConfigurationClassPostProcessor - Replacing bean definition 'dev.bublik.starter.autoconfigure.BublikAutoConfiguration' existing class 'dev.bublik.starter.autoconfigure.BublikAutoConfiguration' with enhanced class 'dev.bublik.starter.autoconfigure.BublikAutoConfiguration$$SpringCGLIB$$0'
2026-07-21 16:04:31.291 [main] DEBUG org.springframework.beans.factory.support.DefaultListableBeanFactory - Creating shared instance of singleton bean 'org.springframework.context.event.internalEventListenerProcessor'
2026-07-21 16:04:31.291 [main] TRACE org.springframework.beans.factory.support.DefaultListableBeanFactory - Creating instance of bean 'org.springframework.context.event.internalEventListenerProcessor'
2026-07-21 16:04:31.292 [main] TRACE org.springframework.beans.factory.support.DefaultListableBeanFactory - Finished creating instance of bean 'org.springframework.context.event.internalEventListenerProcessor'
2026-07-21 16:04:31.292 [main] DEBUG org.springframework.beans.factory.support.DefaultListableBeanFactory - Creating shared instance of singleton bean 'org.springframework.context.event.internalEventListenerFactory'
2026-07-21 16:04:31.292 [main] TRACE org.springframework.beans.factory.support.DefaultListableBeanFactory - Creating instance of bean 'org.springframework.context.event.internalEventListenerFactory'
2026-07-21 16:04:31.292 [main] TRACE org.springframework.beans.factory.support.DefaultListableBeanFactory - Finished creating instance of bean 'org.springframework.context.event.internalEventListenerFactory'
2026-07-21 16:04:31.292 [main] DEBUG org.springframework.beans.factory.support.DefaultListableBeanFactory - Creating shared instance of singleton bean 'org.springframework.context.annotation.internalAutowiredAnnotationProcessor'
2026-07-21 16:04:31.292 [main] TRACE org.springframework.beans.factory.support.DefaultListableBeanFactory - Creating instance of bean 'org.springframework.context.annotation.internalAutowiredAnnotationProcessor'
2026-07-21 16:04:31.292 [main] TRACE org.springframework.beans.factory.support.DefaultListableBeanFactory - Finished creating instance of bean 'org.springframework.context.annotation.internalAutowiredAnnotationProcessor'
2026-07-21 16:04:31.292 [main] DEBUG org.springframework.beans.factory.support.DefaultListableBeanFactory - Creating shared instance of singleton bean 'org.springframework.boot.context.properties.ConfigurationPropertiesBindingPostProcessor'
2026-07-21 16:04:31.292 [main] TRACE org.springframework.beans.factory.support.DefaultListableBeanFactory - Creating instance of bean 'org.springframework.boot.context.properties.ConfigurationPropertiesBindingPostProcessor'
2026-07-21 16:04:31.292 [main] TRACE org.springframework.beans.factory.support.DefaultListableBeanFactory - Invoking afterPropertiesSet() on bean with name 'org.springframework.boot.context.properties.ConfigurationPropertiesBindingPostProcessor'
2026-07-21 16:04:31.292 [main] DEBUG org.springframework.beans.factory.support.DefaultListableBeanFactory - Creating shared instance of singleton bean 'org.springframework.boot.context.internalConfigurationPropertiesBinder'
2026-07-21 16:04:31.292 [main] TRACE org.springframework.beans.factory.support.DefaultListableBeanFactory - Creating instance of bean 'org.springframework.boot.context.internalConfigurationPropertiesBinder'
2026-07-21 16:04:31.293 [main] TRACE org.springframework.beans.factory.support.DefaultListableBeanFactory - Finished creating instance of bean 'org.springframework.boot.context.internalConfigurationPropertiesBinder'
2026-07-21 16:04:31.293 [main] TRACE org.springframework.beans.factory.support.DefaultListableBeanFactory - Finished creating instance of bean 'org.springframework.boot.context.properties.ConfigurationPropertiesBindingPostProcessor'
2026-07-21 16:04:31.293 [main] TRACE org.springframework.context.annotation.AnnotationConfigApplicationContext - No 'messageSource' bean, using [Empty MessageSource]
2026-07-21 16:04:31.293 [main] TRACE org.springframework.context.annotation.AnnotationConfigApplicationContext - No 'applicationEventMulticaster' bean, using [SimpleApplicationEventMulticaster]
2026-07-21 16:04:31.293 [main] TRACE org.springframework.beans.factory.support.DefaultListableBeanFactory - Pre-instantiating singletons in org.springframework.beans.factory.support.DefaultListableBeanFactory@2938127d: defining beans [org.springframework.context.annotation.internalConfigurationAnnotationProcessor,org.springframework.context.annotation.internalAutowiredAnnotationProcessor,org.springframework.context.event.internalEventListenerProcessor,org.springframework.context.event.internalEventListenerFactory,dev.bublik.starter.autoconfigure.BublikAutoConfiguration,automatedMigrationRunner,org.springframework.boot.context.properties.ConfigurationPropertiesBindingPostProcessor,org.springframework.boot.context.internalConfigurationPropertiesBinder,org.springframework.boot.context.properties.BoundConfigurationProperties,org.springframework.boot.context.properties.EnableConfigurationPropertiesRegistrar.methodValidationExcludeFilter,bublik-dev.bublik.starter.properties.BublikProperties]; root of factory hierarchy
2026-07-21 16:04:31.293 [main] TRACE org.springframework.beans.factory.support.DefaultListableBeanFactory - Returning cached instance of singleton bean 'org.springframework.context.annotation.internalConfigurationAnnotationProcessor'
2026-07-21 16:04:31.293 [main] TRACE org.springframework.beans.factory.support.DefaultListableBeanFactory - Returning cached instance of singleton bean 'org.springframework.context.annotation.internalAutowiredAnnotationProcessor'
2026-07-21 16:04:31.293 [main] TRACE org.springframework.beans.factory.support.DefaultListableBeanFactory - Returning cached instance of singleton bean 'org.springframework.context.event.internalEventListenerProcessor'
2026-07-21 16:04:31.293 [main] TRACE org.springframework.beans.factory.support.DefaultListableBeanFactory - Returning cached instance of singleton bean 'org.springframework.context.event.internalEventListenerFactory'
2026-07-21 16:04:31.293 [main] DEBUG org.springframework.beans.factory.support.DefaultListableBeanFactory - Creating shared instance of singleton bean 'dev.bublik.starter.autoconfigure.BublikAutoConfiguration'
2026-07-21 16:04:31.293 [main] TRACE org.springframework.beans.factory.support.DefaultListableBeanFactory - Creating instance of bean 'dev.bublik.starter.autoconfigure.BublikAutoConfiguration'
2026-07-21 16:04:31.294 [main] DEBUG org.springframework.beans.factory.support.DefaultListableBeanFactory - Creating shared instance of singleton bean 'bublik-dev.bublik.starter.properties.BublikProperties'
2026-07-21 16:04:31.294 [main] TRACE org.springframework.beans.factory.support.DefaultListableBeanFactory - Creating instance of bean 'bublik-dev.bublik.starter.properties.BublikProperties'
2026-07-21 16:04:31.294 [main] DEBUG org.springframework.beans.factory.support.DefaultListableBeanFactory - Creating shared instance of singleton bean 'org.springframework.boot.context.properties.BoundConfigurationProperties'
2026-07-21 16:04:31.294 [main] TRACE org.springframework.beans.factory.support.DefaultListableBeanFactory - Creating instance of bean 'org.springframework.boot.context.properties.BoundConfigurationProperties'
2026-07-21 16:04:31.294 [main] TRACE org.springframework.beans.factory.support.DefaultListableBeanFactory - Finished creating instance of bean 'org.springframework.boot.context.properties.BoundConfigurationProperties'
2026-07-21 16:04:31.304 [main] TRACE org.springframework.beans.factory.support.DefaultListableBeanFactory - Finished creating instance of bean 'bublik-dev.bublik.starter.properties.BublikProperties'
2026-07-21 16:04:31.304 [main] DEBUG org.springframework.beans.factory.support.DefaultListableBeanFactory - Autowiring by type from bean name 'dev.bublik.starter.autoconfigure.BublikAutoConfiguration' via constructor to bean named 'bublik-dev.bublik.starter.properties.BublikProperties'
2026-07-21 16:04:31.305 [main] TRACE org.springframework.beans.factory.support.DefaultListableBeanFactory - Finished creating instance of bean 'dev.bublik.starter.autoconfigure.BublikAutoConfiguration'
2026-07-21 16:04:31.305 [main] DEBUG org.springframework.beans.factory.support.DefaultListableBeanFactory - Creating shared instance of singleton bean 'automatedMigrationRunner'
2026-07-21 16:04:31.305 [main] TRACE org.springframework.beans.factory.support.DefaultListableBeanFactory - Creating instance of bean 'automatedMigrationRunner'
2026-07-21 16:04:31.305 [main] TRACE org.springframework.beans.factory.support.DefaultListableBeanFactory - Returning cached instance of singleton bean 'dev.bublik.starter.autoconfigure.BublikAutoConfiguration'
2026-07-21 16:04:31.305 [main] TRACE org.springframework.beans.factory.support.DefaultListableBeanFactory - Finished creating instance of bean 'automatedMigrationRunner'
2026-07-21 16:04:31.305 [main] TRACE org.springframework.beans.factory.support.DefaultListableBeanFactory - Returning cached instance of singleton bean 'org.springframework.boot.context.properties.ConfigurationPropertiesBindingPostProcessor'
2026-07-21 16:04:31.305 [main] TRACE org.springframework.beans.factory.support.DefaultListableBeanFactory - Returning cached instance of singleton bean 'org.springframework.boot.context.internalConfigurationPropertiesBinder'
2026-07-21 16:04:31.305 [main] TRACE org.springframework.beans.factory.support.DefaultListableBeanFactory - Returning cached instance of singleton bean 'org.springframework.boot.context.properties.BoundConfigurationProperties'
2026-07-21 16:04:31.305 [main] DEBUG org.springframework.beans.factory.support.DefaultListableBeanFactory - Creating shared instance of singleton bean 'org.springframework.boot.context.properties.EnableConfigurationPropertiesRegistrar.methodValidationExcludeFilter'
2026-07-21 16:04:31.305 [main] TRACE org.springframework.beans.factory.support.DefaultListableBeanFactory - Creating instance of bean 'org.springframework.boot.context.properties.EnableConfigurationPropertiesRegistrar.methodValidationExcludeFilter'
2026-07-21 16:04:31.305 [main] TRACE org.springframework.beans.factory.support.DefaultListableBeanFactory - Ignoring factory method [public static org.springframework.boot.validation.beanvalidation.MethodValidationExcludeFilter org.springframework.boot.validation.beanvalidation.MethodValidationExcludeFilter.byAnnotation(java.lang.Class,org.springframework.core.annotation.MergedAnnotations$SearchStrategy)] of bean 'org.springframework.boot.context.properties.EnableConfigurationPropertiesRegistrar.methodValidationExcludeFilter': org.springframework.beans.factory.UnsatisfiedDependencyException: Error creating bean with name 'org.springframework.boot.context.properties.EnableConfigurationPropertiesRegistrar.methodValidationExcludeFilter': Unsatisfied dependency expressed through method 'byAnnotation' parameter 1: Ambiguous argument values for parameter of type [org.springframework.core.annotation.MergedAnnotations$SearchStrategy] - did you specify the correct bean references as arguments?
2026-07-21 16:04:31.306 [main] TRACE org.springframework.beans.factory.support.DefaultListableBeanFactory - Finished creating instance of bean 'org.springframework.boot.context.properties.EnableConfigurationPropertiesRegistrar.methodValidationExcludeFilter'
2026-07-21 16:04:31.306 [main] TRACE org.springframework.beans.factory.support.DefaultListableBeanFactory - Returning cached instance of singleton bean 'bublik-dev.bublik.starter.properties.BublikProperties'
2026-07-21 16:04:31.306 [main] TRACE org.springframework.context.event.EventListenerMethodProcessor - No @EventListener annotations found on bean class: dev.bublik.starter.autoconfigure.BublikAutoConfiguration$$SpringCGLIB$$0
2026-07-21 16:04:31.306 [main] TRACE org.springframework.context.event.EventListenerMethodProcessor - No @EventListener annotations found on bean class: dev.bublik.starter.autoconfigure.BublikAutoConfiguration$$Lambda/0x0000007001329408
2026-07-21 16:04:31.306 [main] TRACE org.springframework.context.event.EventListenerMethodProcessor - No @EventListener annotations found on bean class: dev.bublik.starter.properties.BublikProperties
2026-07-21 16:04:31.306 [main] TRACE org.springframework.context.annotation.AnnotationConfigApplicationContext - No 'lifecycleProcessor' bean, using [DefaultLifecycleProcessor]
2026-07-21 16:04:31.306 [main] TRACE org.springframework.beans.factory.support.DefaultListableBeanFactory - Returning cached instance of singleton bean 'lifecycleProcessor'
2026-07-21 16:04:31.307 [main] TRACE org.springframework.beans.factory.support.DefaultListableBeanFactory - Returning cached instance of singleton bean 'bublik-dev.bublik.starter.properties.BublikProperties'
2026-07-21 16:04:31.310 [main] DEBUG org.springframework.context.annotation.AnnotationConfigApplicationContext - Closing org.springframework.context.annotation.AnnotationConfigApplicationContext@76ad6715, started on Tue Jul 21 16:04:31 MSK 2026
2026-07-21 16:04:31.310 [main] TRACE org.springframework.beans.factory.support.DefaultListableBeanFactory - Returning cached instance of singleton bean 'lifecycleProcessor'
2026-07-21 16:04:31.310 [main] TRACE org.springframework.beans.factory.support.DefaultListableBeanFactory - Destroying singletons in org.springframework.beans.factory.support.DefaultListableBeanFactory@2938127d: defining beans [org.springframework.context.annotation.internalConfigurationAnnotationProcessor,org.springframework.context.annotation.internalAutowiredAnnotationProcessor,org.springframework.context.event.internalEventListenerProcessor,org.springframework.context.event.internalEventListenerFactory,dev.bublik.starter.autoconfigure.BublikAutoConfiguration,automatedMigrationRunner,org.springframework.boot.context.properties.ConfigurationPropertiesBindingPostProcessor,org.springframework.boot.context.internalConfigurationPropertiesBinder,org.springframework.boot.context.properties.BoundConfigurationProperties,org.springframework.boot.context.properties.EnableConfigurationPropertiesRegistrar.methodValidationExcludeFilter,bublik-dev.bublik.starter.properties.BublikProperties]; root of factory hierarchy
