2026-07-21 16:13:46.420 [main] TRACE org.springframework.boot.autoconfigure.condition.OnPropertyCondition - Condition OnPropertyCondition on dev.bublik.starter.autoconfigure.BublikAutoConfiguration matched due to @ConditionalOnProperty (bublik.enabled=true) matched
2026-07-21 16:13:46.432 [main] TRACE org.springframework.context.annotation.AnnotationConfigApplicationContext - Refreshing org.springframework.context.annotation.AnnotationConfigApplicationContext@693e4d19, started on Tue Jul 21 16:13:46 MSK 2026
2026-07-21 16:13:46.437 [main] DEBUG org.springframework.beans.factory.support.DefaultListableBeanFactory - Creating shared instance of singleton bean 'org.springframework.context.annotation.internalConfigurationAnnotationProcessor'
2026-07-21 16:13:46.437 [main] TRACE org.springframework.beans.factory.support.DefaultListableBeanFactory - Creating instance of bean 'org.springframework.context.annotation.internalConfigurationAnnotationProcessor'
2026-07-21 16:13:46.441 [main] TRACE org.springframework.beans.factory.support.DefaultListableBeanFactory - Finished creating instance of bean 'org.springframework.context.annotation.internalConfigurationAnnotationProcessor'
2026-07-21 16:13:46.445 [main] TRACE org.springframework.boot.autoconfigure.condition.OnPropertyCondition - Condition OnPropertyCondition on dev.bublik.starter.autoconfigure.BublikAutoConfiguration matched due to @ConditionalOnProperty (bublik.enabled=true) matched
2026-07-21 16:13:46.445 [main] TRACE org.springframework.beans.factory.support.DefaultListableBeanFactory - Returning cached instance of singleton bean 'autoConfigurationReport'
2026-07-21 16:13:46.451 [main] TRACE org.springframework.boot.autoconfigure.condition.OnPropertyCondition - Condition OnPropertyCondition on dev.bublik.starter.autoconfigure.BublikAutoConfiguration matched due to @ConditionalOnProperty (bublik.enabled=true) matched
2026-07-21 16:13:46.451 [main] TRACE org.springframework.beans.factory.support.DefaultListableBeanFactory - Returning cached instance of singleton bean 'autoConfigurationReport'
2026-07-21 16:13:46.452 [main] TRACE org.springframework.context.annotation.ConfigurationClassBeanDefinitionReader - Registering bean definition for @Bean method dev.bublik.starter.autoconfigure.BublikAutoConfiguration.automatedMigrationRunner() with bean name 'automatedMigrationRunner'
2026-07-21 16:13:46.487 [main] TRACE org.springframework.context.annotation.ConfigurationClassEnhancer - Successfully enhanced dev.bublik.starter.autoconfigure.BublikAutoConfiguration; enhanced class name is: dev.bublik.starter.autoconfigure.BublikAutoConfiguration$$SpringCGLIB$$0
2026-07-21 16:13:46.487 [main] TRACE org.springframework.context.annotation.ConfigurationClassPostProcessor - Replacing bean definition 'dev.bublik.starter.autoconfigure.BublikAutoConfiguration' existing class 'dev.bublik.starter.autoconfigure.BublikAutoConfiguration' with enhanced class 'dev.bublik.starter.autoconfigure.BublikAutoConfiguration$$SpringCGLIB$$0'
2026-07-21 16:13:46.487 [main] DEBUG org.springframework.beans.factory.support.DefaultListableBeanFactory - Creating shared instance of singleton bean 'org.springframework.context.event.internalEventListenerProcessor'
2026-07-21 16:13:46.487 [main] TRACE org.springframework.beans.factory.support.DefaultListableBeanFactory - Creating instance of bean 'org.springframework.context.event.internalEventListenerProcessor'
2026-07-21 16:13:46.489 [main] TRACE org.springframework.beans.factory.support.DefaultListableBeanFactory - Finished creating instance of bean 'org.springframework.context.event.internalEventListenerProcessor'
2026-07-21 16:13:46.489 [main] DEBUG org.springframework.beans.factory.support.DefaultListableBeanFactory - Creating shared instance of singleton bean 'org.springframework.context.event.internalEventListenerFactory'
2026-07-21 16:13:46.489 [main] TRACE org.springframework.beans.factory.support.DefaultListableBeanFactory - Creating instance of bean 'org.springframework.context.event.internalEventListenerFactory'
2026-07-21 16:13:46.490 [main] TRACE org.springframework.beans.factory.support.DefaultListableBeanFactory - Finished creating instance of bean 'org.springframework.context.event.internalEventListenerFactory'
2026-07-21 16:13:46.490 [main] DEBUG org.springframework.beans.factory.support.DefaultListableBeanFactory - Creating shared instance of singleton bean 'org.springframework.context.annotation.internalAutowiredAnnotationProcessor'
2026-07-21 16:13:46.490 [main] TRACE org.springframework.beans.factory.support.DefaultListableBeanFactory - Creating instance of bean 'org.springframework.context.annotation.internalAutowiredAnnotationProcessor'
2026-07-21 16:13:46.491 [main] TRACE org.springframework.beans.factory.support.DefaultListableBeanFactory - Finished creating instance of bean 'org.springframework.context.annotation.internalAutowiredAnnotationProcessor'
2026-07-21 16:13:46.491 [main] DEBUG org.springframework.beans.factory.support.DefaultListableBeanFactory - Creating shared instance of singleton bean 'org.springframework.boot.context.properties.ConfigurationPropertiesBindingPostProcessor'
2026-07-21 16:13:46.491 [main] TRACE org.springframework.beans.factory.support.DefaultListableBeanFactory - Creating instance of bean 'org.springframework.boot.context.properties.ConfigurationPropertiesBindingPostProcessor'
2026-07-21 16:13:46.492 [main] TRACE org.springframework.beans.factory.support.DefaultListableBeanFactory - Invoking afterPropertiesSet() on bean with name 'org.springframework.boot.context.properties.ConfigurationPropertiesBindingPostProcessor'
2026-07-21 16:13:46.492 [main] DEBUG org.springframework.beans.factory.support.DefaultListableBeanFactory - Creating shared instance of singleton bean 'org.springframework.boot.context.internalConfigurationPropertiesBinder'
2026-07-21 16:13:46.492 [main] TRACE org.springframework.beans.factory.support.DefaultListableBeanFactory - Creating instance of bean 'org.springframework.boot.context.internalConfigurationPropertiesBinder'
2026-07-21 16:13:46.493 [main] TRACE org.springframework.beans.factory.support.DefaultListableBeanFactory - Finished creating instance of bean 'org.springframework.boot.context.internalConfigurationPropertiesBinder'
2026-07-21 16:13:46.493 [main] TRACE org.springframework.beans.factory.support.DefaultListableBeanFactory - Finished creating instance of bean 'org.springframework.boot.context.properties.ConfigurationPropertiesBindingPostProcessor'
2026-07-21 16:13:46.494 [main] TRACE org.springframework.context.annotation.AnnotationConfigApplicationContext - No 'messageSource' bean, using [Empty MessageSource]
2026-07-21 16:13:46.495 [main] TRACE org.springframework.context.annotation.AnnotationConfigApplicationContext - No 'applicationEventMulticaster' bean, using [SimpleApplicationEventMulticaster]
2026-07-21 16:13:46.495 [main] TRACE org.springframework.beans.factory.support.DefaultListableBeanFactory - Pre-instantiating singletons in org.springframework.beans.factory.support.DefaultListableBeanFactory@58a120b0: defining beans [org.springframework.context.annotation.internalConfigurationAnnotationProcessor,org.springframework.context.annotation.internalAutowiredAnnotationProcessor,org.springframework.context.event.internalEventListenerProcessor,org.springframework.context.event.internalEventListenerFactory,dev.bublik.starter.autoconfigure.BublikAutoConfiguration,automatedMigrationRunner,org.springframework.boot.context.properties.ConfigurationPropertiesBindingPostProcessor,org.springframework.boot.context.internalConfigurationPropertiesBinder,org.springframework.boot.context.properties.BoundConfigurationProperties,org.springframework.boot.context.properties.EnableConfigurationPropertiesRegistrar.methodValidationExcludeFilter,bublik-dev.bublik.starter.properties.BublikProperties]; root of factory hierarchy
2026-07-21 16:13:46.495 [main] TRACE org.springframework.beans.factory.support.DefaultListableBeanFactory - Returning cached instance of singleton bean 'org.springframework.context.annotation.internalConfigurationAnnotationProcessor'
2026-07-21 16:13:46.495 [main] TRACE org.springframework.beans.factory.support.DefaultListableBeanFactory - Returning cached instance of singleton bean 'org.springframework.context.annotation.internalAutowiredAnnotationProcessor'
2026-07-21 16:13:46.496 [main] TRACE org.springframework.beans.factory.support.DefaultListableBeanFactory - Returning cached instance of singleton bean 'org.springframework.context.event.internalEventListenerProcessor'
2026-07-21 16:13:46.496 [main] TRACE org.springframework.beans.factory.support.DefaultListableBeanFactory - Returning cached instance of singleton bean 'org.springframework.context.event.internalEventListenerFactory'
2026-07-21 16:13:46.496 [main] DEBUG org.springframework.beans.factory.support.DefaultListableBeanFactory - Creating shared instance of singleton bean 'dev.bublik.starter.autoconfigure.BublikAutoConfiguration'
2026-07-21 16:13:46.496 [main] TRACE org.springframework.beans.factory.support.DefaultListableBeanFactory - Creating instance of bean 'dev.bublik.starter.autoconfigure.BublikAutoConfiguration'
2026-07-21 16:13:46.498 [main] DEBUG org.springframework.beans.factory.support.DefaultListableBeanFactory - Creating shared instance of singleton bean 'bublik-dev.bublik.starter.properties.BublikProperties'
2026-07-21 16:13:46.498 [main] TRACE org.springframework.beans.factory.support.DefaultListableBeanFactory - Creating instance of bean 'bublik-dev.bublik.starter.properties.BublikProperties'
2026-07-21 16:13:46.501 [main] DEBUG org.springframework.beans.factory.support.DefaultListableBeanFactory - Creating shared instance of singleton bean 'org.springframework.boot.context.properties.BoundConfigurationProperties'
2026-07-21 16:13:46.501 [main] TRACE org.springframework.beans.factory.support.DefaultListableBeanFactory - Creating instance of bean 'org.springframework.boot.context.properties.BoundConfigurationProperties'
2026-07-21 16:13:46.501 [main] TRACE org.springframework.beans.factory.support.DefaultListableBeanFactory - Finished creating instance of bean 'org.springframework.boot.context.properties.BoundConfigurationProperties'
2026-07-21 16:13:46.528 [main] TRACE org.springframework.beans.factory.support.DefaultListableBeanFactory - Finished creating instance of bean 'bublik-dev.bublik.starter.properties.BublikProperties'
2026-07-21 16:13:46.529 [main] DEBUG org.springframework.beans.factory.support.DefaultListableBeanFactory - Autowiring by type from bean name 'dev.bublik.starter.autoconfigure.BublikAutoConfiguration' via constructor to bean named 'bublik-dev.bublik.starter.properties.BublikProperties'
2026-07-21 16:13:46.529 [main] TRACE org.springframework.beans.factory.support.DefaultListableBeanFactory - Finished creating instance of bean 'dev.bublik.starter.autoconfigure.BublikAutoConfiguration'
2026-07-21 16:13:46.529 [main] DEBUG org.springframework.beans.factory.support.DefaultListableBeanFactory - Creating shared instance of singleton bean 'automatedMigrationRunner'
2026-07-21 16:13:46.530 [main] TRACE org.springframework.beans.factory.support.DefaultListableBeanFactory - Creating instance of bean 'automatedMigrationRunner'
2026-07-21 16:13:46.530 [main] TRACE org.springframework.beans.factory.support.DefaultListableBeanFactory - Returning cached instance of singleton bean 'dev.bublik.starter.autoconfigure.BublikAutoConfiguration'
2026-07-21 16:13:46.530 [main] TRACE org.springframework.beans.factory.support.DefaultListableBeanFactory - Finished creating instance of bean 'automatedMigrationRunner'
2026-07-21 16:13:46.530 [main] TRACE org.springframework.beans.factory.support.DefaultListableBeanFactory - Returning cached instance of singleton bean 'org.springframework.boot.context.properties.ConfigurationPropertiesBindingPostProcessor'
2026-07-21 16:13:46.530 [main] TRACE org.springframework.beans.factory.support.DefaultListableBeanFactory - Returning cached instance of singleton bean 'org.springframework.boot.context.internalConfigurationPropertiesBinder'
2026-07-21 16:13:46.531 [main] TRACE org.springframework.beans.factory.support.DefaultListableBeanFactory - Returning cached instance of singleton bean 'org.springframework.boot.context.properties.BoundConfigurationProperties'
2026-07-21 16:13:46.531 [main] DEBUG org.springframework.beans.factory.support.DefaultListableBeanFactory - Creating shared instance of singleton bean 'org.springframework.boot.context.properties.EnableConfigurationPropertiesRegistrar.methodValidationExcludeFilter'
2026-07-21 16:13:46.531 [main] TRACE org.springframework.beans.factory.support.DefaultListableBeanFactory - Creating instance of bean 'org.springframework.boot.context.properties.EnableConfigurationPropertiesRegistrar.methodValidationExcludeFilter'
2026-07-21 16:13:46.533 [main] TRACE org.springframework.beans.factory.support.DefaultListableBeanFactory - Ignoring factory method [public static org.springframework.boot.validation.beanvalidation.MethodValidationExcludeFilter org.springframework.boot.validation.beanvalidation.MethodValidationExcludeFilter.byAnnotation(java.lang.Class,org.springframework.core.annotation.MergedAnnotations$SearchStrategy)] of bean 'org.springframework.boot.context.properties.EnableConfigurationPropertiesRegistrar.methodValidationExcludeFilter': org.springframework.beans.factory.UnsatisfiedDependencyException: Error creating bean with name 'org.springframework.boot.context.properties.EnableConfigurationPropertiesRegistrar.methodValidationExcludeFilter': Unsatisfied dependency expressed through method 'byAnnotation' parameter 1: Ambiguous argument values for parameter of type [org.springframework.core.annotation.MergedAnnotations$SearchStrategy] - did you specify the correct bean references as arguments?
2026-07-21 16:13:46.533 [main] TRACE org.springframework.beans.factory.support.DefaultListableBeanFactory - Finished creating instance of bean 'org.springframework.boot.context.properties.EnableConfigurationPropertiesRegistrar.methodValidationExcludeFilter'
2026-07-21 16:13:46.533 [main] TRACE org.springframework.beans.factory.support.DefaultListableBeanFactory - Returning cached instance of singleton bean 'bublik-dev.bublik.starter.properties.BublikProperties'
2026-07-21 16:13:46.534 [main] TRACE org.springframework.context.event.EventListenerMethodProcessor - No @EventListener annotations found on bean class: dev.bublik.starter.autoconfigure.BublikAutoConfiguration$$SpringCGLIB$$0
2026-07-21 16:13:46.534 [main] TRACE org.springframework.context.event.EventListenerMethodProcessor - No @EventListener annotations found on bean class: dev.bublik.starter.autoconfigure.BublikAutoConfiguration$$Lambda/0x00000003013298b0
2026-07-21 16:13:46.534 [main] TRACE org.springframework.context.event.EventListenerMethodProcessor - No @EventListener annotations found on bean class: dev.bublik.starter.properties.BublikProperties
2026-07-21 16:13:46.538 [main] TRACE org.springframework.core.io.support.SpringFactoriesLoader - Loaded [org.springframework.beans.BeanInfoFactory] names: []
2026-07-21 16:13:46.539 [main] TRACE org.springframework.context.annotation.AnnotationConfigApplicationContext - No 'lifecycleProcessor' bean, using [DefaultLifecycleProcessor]
2026-07-21 16:13:46.539 [main] TRACE org.springframework.beans.factory.support.DefaultListableBeanFactory - Returning cached instance of singleton bean 'lifecycleProcessor'
2026-07-21 16:13:46.560 [main] TRACE org.springframework.beans.factory.support.DefaultListableBeanFactory - Returning cached instance of singleton bean 'bublik-dev.bublik.starter.properties.BublikProperties'
2026-07-21 16:13:46.561 [main] DEBUG org.springframework.context.annotation.AnnotationConfigApplicationContext - Closing org.springframework.context.annotation.AnnotationConfigApplicationContext@693e4d19, started on Tue Jul 21 16:13:46 MSK 2026
2026-07-21 16:13:46.561 [main] TRACE org.springframework.beans.factory.support.DefaultListableBeanFactory - Returning cached instance of singleton bean 'lifecycleProcessor'
2026-07-21 16:13:46.562 [main] TRACE org.springframework.beans.factory.support.DefaultListableBeanFactory - Destroying singletons in org.springframework.beans.factory.support.DefaultListableBeanFactory@58a120b0: defining beans [org.springframework.context.annotation.internalConfigurationAnnotationProcessor,org.springframework.context.annotation.internalAutowiredAnnotationProcessor,org.springframework.context.event.internalEventListenerProcessor,org.springframework.context.event.internalEventListenerFactory,dev.bublik.starter.autoconfigure.BublikAutoConfiguration,automatedMigrationRunner,org.springframework.boot.context.properties.ConfigurationPropertiesBindingPostProcessor,org.springframework.boot.context.internalConfigurationPropertiesBinder,org.springframework.boot.context.properties.BoundConfigurationProperties,org.springframework.boot.context.properties.EnableConfigurationPropertiesRegistrar.methodValidationExcludeFilter,bublik-dev.bublik.starter.properties.BublikProperties]; root of factory hierarchy
2026-07-21 16:13:46.569 [main] TRACE org.springframework.core.env.PropertySourcesPropertyResolver - Searching for key 'bublik.enabled' in PropertySource 'configurationProperties'
2026-07-21 16:13:46.569 [main] DEBUG org.springframework.core.env.PropertySourcesPropertyResolver - Found key 'bublik.enabled' in PropertySource 'configurationProperties' with value of type String
2026-07-21 16:13:46.570 [main] TRACE org.springframework.boot.autoconfigure.condition.OnPropertyCondition - Condition OnPropertyCondition on dev.bublik.starter.autoconfigure.BublikAutoConfiguration did not match due to @ConditionalOnProperty (bublik.enabled=true) found different value in property 'enabled'
2026-07-21 16:13:46.570 [main] TRACE org.springframework.context.annotation.AnnotationConfigApplicationContext - Refreshing org.springframework.context.annotation.AnnotationConfigApplicationContext@10b1a751, started on Tue Jul 21 16:13:46 MSK 2026
2026-07-21 16:13:46.570 [main] DEBUG org.springframework.beans.factory.support.DefaultListableBeanFactory - Creating shared instance of singleton bean 'org.springframework.context.annotation.internalConfigurationAnnotationProcessor'
2026-07-21 16:13:46.570 [main] TRACE org.springframework.beans.factory.support.DefaultListableBeanFactory - Creating instance of bean 'org.springframework.context.annotation.internalConfigurationAnnotationProcessor'
2026-07-21 16:13:46.570 [main] TRACE org.springframework.beans.factory.support.DefaultListableBeanFactory - Finished creating instance of bean 'org.springframework.context.annotation.internalConfigurationAnnotationProcessor'
2026-07-21 16:13:46.570 [main] DEBUG org.springframework.beans.factory.support.DefaultListableBeanFactory - Creating shared instance of singleton bean 'org.springframework.context.event.internalEventListenerProcessor'
2026-07-21 16:13:46.570 [main] TRACE org.springframework.beans.factory.support.DefaultListableBeanFactory - Creating instance of bean 'org.springframework.context.event.internalEventListenerProcessor'
2026-07-21 16:13:46.570 [main] TRACE org.springframework.beans.factory.support.DefaultListableBeanFactory - Finished creating instance of bean 'org.springframework.context.event.internalEventListenerProcessor'
2026-07-21 16:13:46.570 [main] DEBUG org.springframework.beans.factory.support.DefaultListableBeanFactory - Creating shared instance of singleton bean 'org.springframework.context.event.internalEventListenerFactory'
2026-07-21 16:13:46.571 [main] TRACE org.springframework.beans.factory.support.DefaultListableBeanFactory - Creating instance of bean 'org.springframework.context.event.internalEventListenerFactory'
2026-07-21 16:13:46.571 [main] TRACE org.springframework.beans.factory.support.DefaultListableBeanFactory - Finished creating instance of bean 'org.springframework.context.event.internalEventListenerFactory'
2026-07-21 16:13:46.571 [main] DEBUG org.springframework.beans.factory.support.DefaultListableBeanFactory - Creating shared instance of singleton bean 'org.springframework.context.annotation.internalAutowiredAnnotationProcessor'
2026-07-21 16:13:46.571 [main] TRACE org.springframework.beans.factory.support.DefaultListableBeanFactory - Creating instance of bean 'org.springframework.context.annotation.internalAutowiredAnnotationProcessor'
2026-07-21 16:13:46.571 [main] TRACE org.springframework.beans.factory.support.DefaultListableBeanFactory - Finished creating instance of bean 'org.springframework.context.annotation.internalAutowiredAnnotationProcessor'
2026-07-21 16:13:46.571 [main] TRACE org.springframework.context.annotation.AnnotationConfigApplicationContext - No 'messageSource' bean, using [Empty MessageSource]
2026-07-21 16:13:46.571 [main] TRACE org.springframework.context.annotation.AnnotationConfigApplicationContext - No 'applicationEventMulticaster' bean, using [SimpleApplicationEventMulticaster]
2026-07-21 16:13:46.571 [main] TRACE org.springframework.beans.factory.support.DefaultListableBeanFactory - Pre-instantiating singletons in org.springframework.beans.factory.support.DefaultListableBeanFactory@5f481b73: defining beans [org.springframework.context.annotation.internalConfigurationAnnotationProcessor,org.springframework.context.annotation.internalAutowiredAnnotationProcessor,org.springframework.context.event.internalEventListenerProcessor,org.springframework.context.event.internalEventListenerFactory]; root of factory hierarchy
2026-07-21 16:13:46.571 [main] TRACE org.springframework.beans.factory.support.DefaultListableBeanFactory - Returning cached instance of singleton bean 'org.springframework.context.annotation.internalConfigurationAnnotationProcessor'
2026-07-21 16:13:46.571 [main] TRACE org.springframework.beans.factory.support.DefaultListableBeanFactory - Returning cached instance of singleton bean 'org.springframework.context.annotation.internalAutowiredAnnotationProcessor'
2026-07-21 16:13:46.571 [main] TRACE org.springframework.beans.factory.support.DefaultListableBeanFactory - Returning cached instance of singleton bean 'org.springframework.context.event.internalEventListenerProcessor'
2026-07-21 16:13:46.571 [main] TRACE org.springframework.beans.factory.support.DefaultListableBeanFactory - Returning cached instance of singleton bean 'org.springframework.context.event.internalEventListenerFactory'
2026-07-21 16:13:46.572 [main] TRACE org.springframework.context.annotation.AnnotationConfigApplicationContext - No 'lifecycleProcessor' bean, using [DefaultLifecycleProcessor]
2026-07-21 16:13:46.572 [main] TRACE org.springframework.beans.factory.support.DefaultListableBeanFactory - Returning cached instance of singleton bean 'lifecycleProcessor'
2026-07-21 16:13:46.572 [main] DEBUG org.springframework.context.annotation.AnnotationConfigApplicationContext - Closing org.springframework.context.annotation.AnnotationConfigApplicationContext@10b1a751, started on Tue Jul 21 16:13:46 MSK 2026
2026-07-21 16:13:46.572 [main] TRACE org.springframework.beans.factory.support.DefaultListableBeanFactory - Returning cached instance of singleton bean 'lifecycleProcessor'
2026-07-21 16:13:46.572 [main] TRACE org.springframework.beans.factory.support.DefaultListableBeanFactory - Destroying singletons in org.springframework.beans.factory.support.DefaultListableBeanFactory@5f481b73: defining beans [org.springframework.context.annotation.internalConfigurationAnnotationProcessor,org.springframework.context.annotation.internalAutowiredAnnotationProcessor,org.springframework.context.event.internalEventListenerProcessor,org.springframework.context.event.internalEventListenerFactory]; root of factory hierarchy
2026-07-21 16:13:46.575 [main] TRACE org.springframework.boot.autoconfigure.condition.OnPropertyCondition - Condition OnPropertyCondition on dev.bublik.starter.autoconfigure.BublikAutoConfiguration matched due to @ConditionalOnProperty (bublik.enabled=true) matched
2026-07-21 16:13:46.576 [main] TRACE org.springframework.context.annotation.AnnotationConfigApplicationContext - Refreshing org.springframework.context.annotation.AnnotationConfigApplicationContext@4596f8f3, started on Tue Jul 21 16:13:46 MSK 2026
2026-07-21 16:13:46.576 [main] DEBUG org.springframework.beans.factory.support.DefaultListableBeanFactory - Creating shared instance of singleton bean 'org.springframework.context.annotation.internalConfigurationAnnotationProcessor'
2026-07-21 16:13:46.576 [main] TRACE org.springframework.beans.factory.support.DefaultListableBeanFactory - Creating instance of bean 'org.springframework.context.annotation.internalConfigurationAnnotationProcessor'
2026-07-21 16:13:46.576 [main] TRACE org.springframework.beans.factory.support.DefaultListableBeanFactory - Finished creating instance of bean 'org.springframework.context.annotation.internalConfigurationAnnotationProcessor'
2026-07-21 16:13:46.576 [main] TRACE org.springframework.boot.autoconfigure.condition.OnPropertyCondition - Condition OnPropertyCondition on dev.bublik.starter.autoconfigure.BublikAutoConfiguration matched due to @ConditionalOnProperty (bublik.enabled=true) matched
2026-07-21 16:13:46.576 [main] TRACE org.springframework.beans.factory.support.DefaultListableBeanFactory - Returning cached instance of singleton bean 'autoConfigurationReport'
2026-07-21 16:13:46.577 [main] TRACE org.springframework.boot.autoconfigure.condition.OnPropertyCondition - Condition OnPropertyCondition on dev.bublik.starter.autoconfigure.BublikAutoConfiguration matched due to @ConditionalOnProperty (bublik.enabled=true) matched
2026-07-21 16:13:46.577 [main] TRACE org.springframework.beans.factory.support.DefaultListableBeanFactory - Returning cached instance of singleton bean 'autoConfigurationReport'
2026-07-21 16:13:46.577 [main] TRACE org.springframework.context.annotation.ConfigurationClassBeanDefinitionReader - Registering bean definition for @Bean method dev.bublik.starter.autoconfigure.BublikAutoConfiguration.automatedMigrationRunner() with bean name 'automatedMigrationRunner'
2026-07-21 16:13:46.578 [main] TRACE org.springframework.context.annotation.ConfigurationClassEnhancer - Successfully enhanced dev.bublik.starter.autoconfigure.BublikAutoConfiguration; enhanced class name is: dev.bublik.starter.autoconfigure.BublikAutoConfiguration$$SpringCGLIB$$0
2026-07-21 16:13:46.578 [main] TRACE org.springframework.context.annotation.ConfigurationClassPostProcessor - Replacing bean definition 'dev.bublik.starter.autoconfigure.BublikAutoConfiguration' existing class 'dev.bublik.starter.autoconfigure.BublikAutoConfiguration' with enhanced class 'dev.bublik.starter.autoconfigure.BublikAutoConfiguration$$SpringCGLIB$$0'
2026-07-21 16:13:46.579 [main] DEBUG org.springframework.beans.factory.support.DefaultListableBeanFactory - Creating shared instance of singleton bean 'org.springframework.context.event.internalEventListenerProcessor'
2026-07-21 16:13:46.579 [main] TRACE org.springframework.beans.factory.support.DefaultListableBeanFactory - Creating instance of bean 'org.springframework.context.event.internalEventListenerProcessor'
2026-07-21 16:13:46.579 [main] TRACE org.springframework.beans.factory.support.DefaultListableBeanFactory - Finished creating instance of bean 'org.springframework.context.event.internalEventListenerProcessor'
2026-07-21 16:13:46.579 [main] DEBUG org.springframework.beans.factory.support.DefaultListableBeanFactory - Creating shared instance of singleton bean 'org.springframework.context.event.internalEventListenerFactory'
2026-07-21 16:13:46.579 [main] TRACE org.springframework.beans.factory.support.DefaultListableBeanFactory - Creating instance of bean 'org.springframework.context.event.internalEventListenerFactory'
2026-07-21 16:13:46.579 [main] TRACE org.springframework.beans.factory.support.DefaultListableBeanFactory - Finished creating instance of bean 'org.springframework.context.event.internalEventListenerFactory'
2026-07-21 16:13:46.579 [main] DEBUG org.springframework.beans.factory.support.DefaultListableBeanFactory - Creating shared instance of singleton bean 'org.springframework.context.annotation.internalAutowiredAnnotationProcessor'
2026-07-21 16:13:46.579 [main] TRACE org.springframework.beans.factory.support.DefaultListableBeanFactory - Creating instance of bean 'org.springframework.context.annotation.internalAutowiredAnnotationProcessor'
2026-07-21 16:13:46.579 [main] TRACE org.springframework.beans.factory.support.DefaultListableBeanFactory - Finished creating instance of bean 'org.springframework.context.annotation.internalAutowiredAnnotationProcessor'
2026-07-21 16:13:46.579 [main] DEBUG org.springframework.beans.factory.support.DefaultListableBeanFactory - Creating shared instance of singleton bean 'org.springframework.boot.context.properties.ConfigurationPropertiesBindingPostProcessor'
2026-07-21 16:13:46.579 [main] TRACE org.springframework.beans.factory.support.DefaultListableBeanFactory - Creating instance of bean 'org.springframework.boot.context.properties.ConfigurationPropertiesBindingPostProcessor'
2026-07-21 16:13:46.579 [main] TRACE org.springframework.beans.factory.support.DefaultListableBeanFactory - Invoking afterPropertiesSet() on bean with name 'org.springframework.boot.context.properties.ConfigurationPropertiesBindingPostProcessor'
2026-07-21 16:13:46.580 [main] DEBUG org.springframework.beans.factory.support.DefaultListableBeanFactory - Creating shared instance of singleton bean 'org.springframework.boot.context.internalConfigurationPropertiesBinder'
2026-07-21 16:13:46.580 [main] TRACE org.springframework.beans.factory.support.DefaultListableBeanFactory - Creating instance of bean 'org.springframework.boot.context.internalConfigurationPropertiesBinder'
2026-07-21 16:13:46.580 [main] TRACE org.springframework.beans.factory.support.DefaultListableBeanFactory - Finished creating instance of bean 'org.springframework.boot.context.internalConfigurationPropertiesBinder'
2026-07-21 16:13:46.580 [main] TRACE org.springframework.beans.factory.support.DefaultListableBeanFactory - Finished creating instance of bean 'org.springframework.boot.context.properties.ConfigurationPropertiesBindingPostProcessor'
2026-07-21 16:13:46.580 [main] TRACE org.springframework.context.annotation.AnnotationConfigApplicationContext - No 'messageSource' bean, using [Empty MessageSource]
2026-07-21 16:13:46.580 [main] TRACE org.springframework.context.annotation.AnnotationConfigApplicationContext - No 'applicationEventMulticaster' bean, using [SimpleApplicationEventMulticaster]
2026-07-21 16:13:46.580 [main] TRACE org.springframework.beans.factory.support.DefaultListableBeanFactory - Pre-instantiating singletons in org.springframework.beans.factory.support.DefaultListableBeanFactory@117d32e: defining beans [org.springframework.context.annotation.internalConfigurationAnnotationProcessor,org.springframework.context.annotation.internalAutowiredAnnotationProcessor,org.springframework.context.event.internalEventListenerProcessor,org.springframework.context.event.internalEventListenerFactory,dev.bublik.starter.autoconfigure.BublikAutoConfiguration,automatedMigrationRunner,org.springframework.boot.context.properties.ConfigurationPropertiesBindingPostProcessor,org.springframework.boot.context.internalConfigurationPropertiesBinder,org.springframework.boot.context.properties.BoundConfigurationProperties,org.springframework.boot.context.properties.EnableConfigurationPropertiesRegistrar.methodValidationExcludeFilter,bublik-dev.bublik.starter.properties.BublikProperties]; root of factory hierarchy
2026-07-21 16:13:46.580 [main] TRACE org.springframework.beans.factory.support.DefaultListableBeanFactory - Returning cached instance of singleton bean 'org.springframework.context.annotation.internalConfigurationAnnotationProcessor'
2026-07-21 16:13:46.580 [main] TRACE org.springframework.beans.factory.support.DefaultListableBeanFactory - Returning cached instance of singleton bean 'org.springframework.context.annotation.internalAutowiredAnnotationProcessor'
2026-07-21 16:13:46.580 [main] TRACE org.springframework.beans.factory.support.DefaultListableBeanFactory - Returning cached instance of singleton bean 'org.springframework.context.event.internalEventListenerProcessor'
2026-07-21 16:13:46.580 [main] TRACE org.springframework.beans.factory.support.DefaultListableBeanFactory - Returning cached instance of singleton bean 'org.springframework.context.event.internalEventListenerFactory'
2026-07-21 16:13:46.580 [main] DEBUG org.springframework.beans.factory.support.DefaultListableBeanFactory - Creating shared instance of singleton bean 'dev.bublik.starter.autoconfigure.BublikAutoConfiguration'
2026-07-21 16:13:46.580 [main] TRACE org.springframework.beans.factory.support.DefaultListableBeanFactory - Creating instance of bean 'dev.bublik.starter.autoconfigure.BublikAutoConfiguration'
2026-07-21 16:13:46.581 [main] DEBUG org.springframework.beans.factory.support.DefaultListableBeanFactory - Creating shared instance of singleton bean 'bublik-dev.bublik.starter.properties.BublikProperties'
2026-07-21 16:13:46.581 [main] TRACE org.springframework.beans.factory.support.DefaultListableBeanFactory - Creating instance of bean 'bublik-dev.bublik.starter.properties.BublikProperties'
2026-07-21 16:13:46.581 [main] DEBUG org.springframework.beans.factory.support.DefaultListableBeanFactory - Creating shared instance of singleton bean 'org.springframework.boot.context.properties.BoundConfigurationProperties'
2026-07-21 16:13:46.581 [main] TRACE org.springframework.beans.factory.support.DefaultListableBeanFactory - Creating instance of bean 'org.springframework.boot.context.properties.BoundConfigurationProperties'
2026-07-21 16:13:46.581 [main] TRACE org.springframework.beans.factory.support.DefaultListableBeanFactory - Finished creating instance of bean 'org.springframework.boot.context.properties.BoundConfigurationProperties'
2026-07-21 16:13:46.591 [main] TRACE org.springframework.beans.factory.support.DefaultListableBeanFactory - Finished creating instance of bean 'bublik-dev.bublik.starter.properties.BublikProperties'
2026-07-21 16:13:46.592 [main] DEBUG org.springframework.beans.factory.support.DefaultListableBeanFactory - Autowiring by type from bean name 'dev.bublik.starter.autoconfigure.BublikAutoConfiguration' via constructor to bean named 'bublik-dev.bublik.starter.properties.BublikProperties'
2026-07-21 16:13:46.592 [main] TRACE org.springframework.beans.factory.support.DefaultListableBeanFactory - Finished creating instance of bean 'dev.bublik.starter.autoconfigure.BublikAutoConfiguration'
2026-07-21 16:13:46.592 [main] DEBUG org.springframework.beans.factory.support.DefaultListableBeanFactory - Creating shared instance of singleton bean 'automatedMigrationRunner'
2026-07-21 16:13:46.592 [main] TRACE org.springframework.beans.factory.support.DefaultListableBeanFactory - Creating instance of bean 'automatedMigrationRunner'
2026-07-21 16:13:46.592 [main] TRACE org.springframework.beans.factory.support.DefaultListableBeanFactory - Returning cached instance of singleton bean 'dev.bublik.starter.autoconfigure.BublikAutoConfiguration'
2026-07-21 16:13:46.592 [main] TRACE org.springframework.beans.factory.support.DefaultListableBeanFactory - Finished creating instance of bean 'automatedMigrationRunner'
2026-07-21 16:13:46.592 [main] TRACE org.springframework.beans.factory.support.DefaultListableBeanFactory - Returning cached instance of singleton bean 'org.springframework.boot.context.properties.ConfigurationPropertiesBindingPostProcessor'
2026-07-21 16:13:46.592 [main] TRACE org.springframework.beans.factory.support.DefaultListableBeanFactory - Returning cached instance of singleton bean 'org.springframework.boot.context.internalConfigurationPropertiesBinder'
2026-07-21 16:13:46.592 [main] TRACE org.springframework.beans.factory.support.DefaultListableBeanFactory - Returning cached instance of singleton bean 'org.springframework.boot.context.properties.BoundConfigurationProperties'
2026-07-21 16:13:46.592 [main] DEBUG org.springframework.beans.factory.support.DefaultListableBeanFactory - Creating shared instance of singleton bean 'org.springframework.boot.context.properties.EnableConfigurationPropertiesRegistrar.methodValidationExcludeFilter'
2026-07-21 16:13:46.593 [main] TRACE org.springframework.beans.factory.support.DefaultListableBeanFactory - Creating instance of bean 'org.springframework.boot.context.properties.EnableConfigurationPropertiesRegistrar.methodValidationExcludeFilter'
2026-07-21 16:13:46.593 [main] TRACE org.springframework.beans.factory.support.DefaultListableBeanFactory - Ignoring factory method [public static org.springframework.boot.validation.beanvalidation.MethodValidationExcludeFilter org.springframework.boot.validation.beanvalidation.MethodValidationExcludeFilter.byAnnotation(java.lang.Class,org.springframework.core.annotation.MergedAnnotations$SearchStrategy)] of bean 'org.springframework.boot.context.properties.EnableConfigurationPropertiesRegistrar.methodValidationExcludeFilter': org.springframework.beans.factory.UnsatisfiedDependencyException: Error creating bean with name 'org.springframework.boot.context.properties.EnableConfigurationPropertiesRegistrar.methodValidationExcludeFilter': Unsatisfied dependency expressed through method 'byAnnotation' parameter 1: Ambiguous argument values for parameter of type [org.springframework.core.annotation.MergedAnnotations$SearchStrategy] - did you specify the correct bean references as arguments?
2026-07-21 16:13:46.593 [main] TRACE org.springframework.beans.factory.support.DefaultListableBeanFactory - Finished creating instance of bean 'org.springframework.boot.context.properties.EnableConfigurationPropertiesRegistrar.methodValidationExcludeFilter'
2026-07-21 16:13:46.593 [main] TRACE org.springframework.beans.factory.support.DefaultListableBeanFactory - Returning cached instance of singleton bean 'bublik-dev.bublik.starter.properties.BublikProperties'
2026-07-21 16:13:46.593 [main] TRACE org.springframework.context.event.EventListenerMethodProcessor - No @EventListener annotations found on bean class: dev.bublik.starter.autoconfigure.BublikAutoConfiguration$$SpringCGLIB$$0
2026-07-21 16:13:46.593 [main] TRACE org.springframework.context.event.EventListenerMethodProcessor - No @EventListener annotations found on bean class: dev.bublik.starter.autoconfigure.BublikAutoConfiguration$$Lambda/0x00000003013298b0
2026-07-21 16:13:46.593 [main] TRACE org.springframework.context.event.EventListenerMethodProcessor - No @EventListener annotations found on bean class: dev.bublik.starter.properties.BublikProperties
2026-07-21 16:13:46.593 [main] TRACE org.springframework.context.annotation.AnnotationConfigApplicationContext - No 'lifecycleProcessor' bean, using [DefaultLifecycleProcessor]
2026-07-21 16:13:46.594 [main] TRACE org.springframework.beans.factory.support.DefaultListableBeanFactory - Returning cached instance of singleton bean 'lifecycleProcessor'
2026-07-21 16:13:46.594 [main] TRACE org.springframework.beans.factory.support.DefaultListableBeanFactory - Returning cached instance of singleton bean 'bublik-dev.bublik.starter.properties.BublikProperties'
2026-07-21 16:13:46.597 [main] DEBUG org.springframework.context.annotation.AnnotationConfigApplicationContext - Closing org.springframework.context.annotation.AnnotationConfigApplicationContext@4596f8f3, started on Tue Jul 21 16:13:46 MSK 2026
2026-07-21 16:13:46.597 [main] TRACE org.springframework.beans.factory.support.DefaultListableBeanFactory - Returning cached instance of singleton bean 'lifecycleProcessor'
2026-07-21 16:13:46.597 [main] TRACE org.springframework.beans.factory.support.DefaultListableBeanFactory - Destroying singletons in org.springframework.beans.factory.support.DefaultListableBeanFactory@117d32e: defining beans [org.springframework.context.annotation.internalConfigurationAnnotationProcessor,org.springframework.context.annotation.internalAutowiredAnnotationProcessor,org.springframework.context.event.internalEventListenerProcessor,org.springframework.context.event.internalEventListenerFactory,dev.bublik.starter.autoconfigure.BublikAutoConfiguration,automatedMigrationRunner,org.springframework.boot.context.properties.ConfigurationPropertiesBindingPostProcessor,org.springframework.boot.context.internalConfigurationPropertiesBinder,org.springframework.boot.context.properties.BoundConfigurationProperties,org.springframework.boot.context.properties.EnableConfigurationPropertiesRegistrar.methodValidationExcludeFilter,bublik-dev.bublik.starter.properties.BublikProperties]; root of factory hierarchy
